O 2001 1111 500 100
D 2001 9999 100 ILS
W 2001 0000 50 ILS
B 2001 2222
D 9999 1111 100 ILS
W 9999 1111 50 ILS
B 9999 1111
